../Core/Src/main.c:198:9:LSM6DSO_Detect	7
../Core/Src/main.c:243:19:LSM6DSO_Init	3
../Core/Src/main.c:302:19:LSM6DSO_ReadAccel	2
../Core/Src/main.c:333:19:LSM6DSO_ReadGyro	2
../Core/Src/main.c:361:6:Calculate_Attitude	4
../Core/Src/main.c:445:7:PID_Update	9
../Core/Src/main.c:500:6:PID_Reset	2
../Core/Src/main.c:516:5:main	18
../Core/Src/main.c:824:6:SystemClock_Config	3
../Core/Src/main.c:871:13:MX_I2C1_Init	2
../Core/Src/main.c:905:13:MX_TIM3_Init	9
../Core/Src/main.c:976:13:MX_USART2_UART_Init	2
../Core/Src/main.c:1009:13:MX_GPIO_Init	1
../Core/Src/main.c:1044:6:Motor_SetPWM	1
../Core/Src/main.c:1056:6:Motor_Mixer	9
../Core/Src/main.c:1084:6:Error_Handler	1
