../Core/Src/main.c:196:9:LSM6DSO_Detect	32	static
../Core/Src/main.c:241:19:LSM6DSO_Init	32	static
../Core/Src/main.c:300:19:LSM6DSO_ReadAccel	32	static
../Core/Src/main.c:331:19:LSM6DSO_ReadGyro	32	static
../Core/Src/main.c:359:6:Calculate_Attitude	24	static
../Core/Src/main.c:443:7:PID_Update	40	static
../Core/Src/main.c:498:6:PID_Reset	16	static
../Core/Src/main.c:514:5:main	256	static
../Core/Src/main.c:814:6:SystemClock_Config	88	static
../Core/Src/main.c:861:13:MX_I2C1_Init	8	static
../Core/Src/main.c:895:13:MX_TIM3_Init	64	static
../Core/Src/main.c:966:13:MX_USART2_UART_Init	8	static
../Core/Src/main.c:999:13:MX_GPIO_Init	48	static
../Core/Src/main.c:1034:6:Motor_Mixer	24	static
../Core/Src/main.c:1062:6:Error_Handler	4	static,ignoring_inline_asm
