../Core/Src/main.c:198:9:LSM6DSO_Detect	32	static
../Core/Src/main.c:243:19:LSM6DSO_Init	32	static
../Core/Src/main.c:302:19:LSM6DSO_ReadAccel	32	static
../Core/Src/main.c:333:19:LSM6DSO_ReadGyro	32	static
../Core/Src/main.c:361:6:Calculate_Attitude	24	static
../Core/Src/main.c:445:7:PID_Update	40	static
../Core/Src/main.c:500:6:PID_Reset	16	static
../Core/Src/main.c:516:5:main	256	static
../Core/Src/main.c:824:6:SystemClock_Config	88	static
../Core/Src/main.c:871:13:MX_I2C1_Init	8	static
../Core/Src/main.c:905:13:MX_TIM3_Init	64	static
../Core/Src/main.c:976:13:MX_USART2_UART_Init	8	static
../Core/Src/main.c:1009:13:MX_GPIO_Init	48	static
../Core/Src/main.c:1044:6:Motor_SetPWM	32	static
../Core/Src/main.c:1056:6:Motor_Mixer	24	static
../Core/Src/main.c:1084:6:Error_Handler	4	static,ignoring_inline_asm
